// Jest Snapshot v1, https://goo.gl/fbAQLP

exports[`JulyMonthTable should render customer's July information in tables should match snapshot 1`] = `
<DocumentFragment>
  <div>
    <h1
      data-testid="header-july"
    >
      JULY
    </h1>
    <table
      border="1"
    >
      <thead>
        <tr>
          <th
            data-testid="th-customerid"
          >
            Customer ID
          </th>
          <th
            data-testid="th-transactionid"
          >
            Transaction ID
          </th>
          <th
            data-testid="th-date"
          >
            Date
          </th>
          <th
            data-testid="th-price"
          >
            Price
          </th>
          <th
            data-testid="th-rewards"
          >
            Rewards
          </th>
        </tr>
      </thead>
      <tbody>
        <tr>
          <td>
            123
          </td>
          <td>
            1
          </td>
          <td>
            Fri Jul 01 2022
          </td>
          <td>
            $890
          </td>
          <td>
            1630
          </td>
        </tr>
        <tr>
          <td
            colspan="4"
          >
            <b>
              TOTAL REWARDS
            </b>
          </td>
          <td
            data-testid="customer123Total"
          >
            <b>
              <i>
                1630
              </i>
            </b>
          </td>
        </tr>
      </tbody>
    </table>
    <table
      border="1"
    >
      <thead>
        <tr>
          <th
            data-testid="th-customerid"
          >
            Customer ID
          </th>
          <th
            data-testid="th-transactionid"
          >
            Transaction ID
          </th>
          <th
            data-testid="th-date"
          >
            Date
          </th>
          <th
            data-testid="th-price"
          >
            Price
          </th>
          <th
            data-testid="th-rewards"
          >
            Rewards
          </th>
        </tr>
      </thead>
      <tbody>
        <tr>
          <td>
            456
          </td>
          <td>
            8
          </td>
          <td>
            Fri Jul 15 2022
          </td>
          <td>
            $203
          </td>
          <td>
            256
          </td>
        </tr>
        <tr>
          <td
            colspan="4"
          >
            <b>
              TOTAL REWARDS
            </b>
          </td>
          <td
            data-testid="customer456Total"
          >
            <b>
              <i>
                256
              </i>
            </b>
          </td>
        </tr>
      </tbody>
    </table>
    <table
      border="1"
    >
      <thead>
        <tr>
          <th
            data-testid="th-customerid"
          >
            Customer ID
          </th>
          <th
            data-testid="th-transactionid"
          >
            Transaction ID
          </th>
          <th
            data-testid="th-date"
          >
            Date
          </th>
          <th
            data-testid="th-price"
          >
            Price
          </th>
          <th
            data-testid="th-rewards"
          >
            Rewards
          </th>
        </tr>
      </thead>
      <tbody>
        <tr>
          <td>
            789
          </td>
          <td>
            12
          </td>
          <td>
            Thu Jul 14 2022
          </td>
          <td>
            $89
          </td>
          <td>
            39
          </td>
        </tr>
        <tr>
          <td>
            789
          </td>
          <td>
            9
          </td>
          <td>
            Mon Jul 25 2022
          </td>
          <td>
            $126
          </td>
          <td>
            102
          </td>
        </tr>
        <tr>
          <td
            colspan="4"
          >
            <b>
              TOTAL REWARDS
            </b>
          </td>
          <td
            data-testid="customer789Total"
          >
            <b>
              <i>
                141
              </i>
            </b>
          </td>
        </tr>
      </tbody>
    </table>
  </div>
</DocumentFragment>
`;
