// Jest Snapshot v1, https://goo.gl/fbAQLP

exports[`MayMonthTable should render customer's May information in tables should match snapshot 1`] = `
<DocumentFragment>
  <div>
    <h1
      data-testid="header-may"
    >
      MAY
    </h1>
    <table
      border="1"
    >
      <thead>
        <tr>
          <th
            data-testid="th-customerid"
          >
            Customer ID
          </th>
          <th
            data-testid="th-transactionid"
          >
            Transaction ID
          </th>
          <th
            data-testid="th-date"
          >
            Date
          </th>
          <th
            data-testid="th-price"
          >
            Price
          </th>
          <th
            data-testid="th-rewards"
          >
            Rewards
          </th>
        </tr>
      </thead>
      <tbody>
        <tr>
          <td>
            123
          </td>
          <td>
            13
          </td>
          <td>
            Fri May 13 2022
          </td>
          <td>
            $152
          </td>
          <td>
            154
          </td>
        </tr>
        <tr>
          <td>
            123
          </td>
          <td>
            4
          </td>
          <td>
            Sat May 21 2022
          </td>
          <td>
            $55
          </td>
          <td>
            5
          </td>
        </tr>
        <tr>
          <td>
            123
          </td>
          <td>
            10
          </td>
          <td>
            Tue May 24 2022
          </td>
          <td>
            $500
          </td>
          <td>
            850
          </td>
        </tr>
        <tr>
          <td
            colspan="4"
          >
            <b>
              TOTAL REWARDS
            </b>
          </td>
          <td
            data-testid="customer123Total"
          >
            <b>
              <i>
                1009
              </i>
            </b>
          </td>
        </tr>
      </tbody>
    </table>
    <table
      border="1"
    >
      <thead>
        <tr>
          <th
            data-testid="th-customerid"
          >
            Customer ID
          </th>
          <th
            data-testid="th-transactionid"
          >
            Transaction ID
          </th>
          <th
            data-testid="th-date"
          >
            Date
          </th>
          <th
            data-testid="th-price"
          >
            Price
          </th>
          <th
            data-testid="th-rewards"
          >
            Rewards
          </th>
        </tr>
      </thead>
      <tbody>
        <tr>
          <td>
            456
          </td>
          <td>
            5
          </td>
          <td>
            Wed May 11 2022
          </td>
          <td>
            $125
          </td>
          <td>
            100
          </td>
        </tr>
        <tr>
          <td
            colspan="4"
          >
            <b>
              TOTAL REWARDS
            </b>
          </td>
          <td
            data-testid="customer456Total"
          >
            <b>
              <i>
                100
              </i>
            </b>
          </td>
        </tr>
      </tbody>
    </table>
    <table
      border="1"
    >
      <thead>
        <tr>
          <th
            data-testid="th-customerid"
          >
            Customer ID
          </th>
          <th
            data-testid="th-transactionid"
          >
            Transaction ID
          </th>
          <th
            data-testid="th-date"
          >
            Date
          </th>
          <th
            data-testid="th-price"
          >
            Price
          </th>
          <th
            data-testid="th-rewards"
          >
            Rewards
          </th>
        </tr>
      </thead>
      <tbody>
        <tr>
          <td>
            789
          </td>
          <td>
            14
          </td>
          <td>
            Fri May 13 2022
          </td>
          <td>
            $1231
          </td>
          <td>
            2312
          </td>
        </tr>
        <tr>
          <td>
            789
          </td>
          <td>
            3
          </td>
          <td>
            Mon May 23 2022
          </td>
          <td>
            $175
          </td>
          <td>
            200
          </td>
        </tr>
        <tr>
          <td
            colspan="4"
          >
            <b>
              TOTAL REWARDS
            </b>
          </td>
          <td
            data-testid="customer789Total"
          >
            <b>
              <i>
                2512
              </i>
            </b>
          </td>
        </tr>
      </tbody>
    </table>
  </div>
</DocumentFragment>
`;
